// Jest Snapshot v1, https://goo.gl/fbAQLP

exports[`SelectBox Component should render correctly 1`] = `
ShallowWrapper {
  Symbol(enzyme.__root__): [Circular],
  Symbol(enzyme.__unrendered__): <SelectBox
    className=""
    onSelect={[Function]}
    options={
      Array [
        Object {
          "label": "Filter By Size",
          "value": "",
        },
        Object {
          "label": "XS",
          "value": "XS",
        },
      ]
    }
    selected="S"
  />,
  Symbol(enzyme.__renderer__): Object {
    "batchedUpdates": [Function],
    "getNode": [Function],
    "render": [Function],
    "simulateError": [Function],
    "simulateEvent": [Function],
    "unmount": [Function],
  },
  Symbol(enzyme.__node__): Object {
    "instance": null,
    "key": undefined,
    "nodeType": "host",
    "props": Object {
      "children": Array [
        <label
          className="filter-label"
          htmlFor="select-box"
        >
          Select
        </label>,
        <select
          className="form-control"
          id="select-box"
          onChange={[Function]}
          value="S"
        >
          <option
            value=""
          >
            Filter By Size
          </option>
          <option
            value="XS"
          >
            XS
          </option>
        </select>,
      ],
      "className": "",
    },
    "ref": null,
    "rendered": Array [
      Object {
        "instance": null,
        "key": undefined,
        "nodeType": "host",
        "props": Object {
          "children": "Select",
          "className": "filter-label",
          "htmlFor": "select-box",
        },
        "ref": null,
        "rendered": "Select",
        "type": "label",
      },
      Object {
        "instance": null,
        "key": undefined,
        "nodeType": "host",
        "props": Object {
          "children": Array [
            <option
              value=""
            >
              Filter By Size
            </option>,
            <option
              value="XS"
            >
              XS
            </option>,
          ],
          "className": "form-control",
          "id": "select-box",
          "onChange": [Function],
          "value": "S",
        },
        "ref": null,
        "rendered": Array [
          Object {
            "instance": null,
            "key": "",
            "nodeType": "host",
            "props": Object {
              "children": "Filter By Size",
              "value": "",
            },
            "ref": null,
            "rendered": "Filter By Size",
            "type": "option",
          },
          Object {
            "instance": null,
            "key": "XS",
            "nodeType": "host",
            "props": Object {
              "children": "XS",
              "value": "XS",
            },
            "ref": null,
            "rendered": "XS",
            "type": "option",
          },
        ],
        "type": "select",
      },
    ],
    "type": "div",
  },
  Symbol(enzyme.__nodes__): Array [
    Object {
      "instance": null,
      "key": undefined,
      "nodeType": "host",
      "props": Object {
        "children": Array [
          <label
            className="filter-label"
            htmlFor="select-box"
          >
            Select
          </label>,
          <select
            className="form-control"
            id="select-box"
            onChange={[Function]}
            value="S"
          >
            <option
              value=""
            >
              Filter By Size
            </option>
            <option
              value="XS"
            >
              XS
            </option>
          </select>,
        ],
        "className": "",
      },
      "ref": null,
      "rendered": Array [
        Object {
          "instance": null,
          "key": undefined,
          "nodeType": "host",
          "props": Object {
            "children": "Select",
            "className": "filter-label",
            "htmlFor": "select-box",
          },
          "ref": null,
          "rendered": "Select",
          "type": "label",
        },
        Object {
          "instance": null,
          "key": undefined,
          "nodeType": "host",
          "props": Object {
            "children": Array [
              <option
                value=""
              >
                Filter By Size
              </option>,
              <option
                value="XS"
              >
                XS
              </option>,
            ],
            "className": "form-control",
            "id": "select-box",
            "onChange": [Function],
            "value": "S",
          },
          "ref": null,
          "rendered": Array [
            Object {
              "instance": null,
              "key": "",
              "nodeType": "host",
              "props": Object {
                "children": "Filter By Size",
                "value": "",
              },
              "ref": null,
              "rendered": "Filter By Size",
              "type": "option",
            },
            Object {
              "instance": null,
              "key": "XS",
              "nodeType": "host",
              "props": Object {
                "children": "XS",
                "value": "XS",
              },
              "ref": null,
              "rendered": "XS",
              "type": "option",
            },
          ],
          "type": "select",
        },
      ],
      "type": "div",
    },
  ],
  Symbol(enzyme.__options__): Object {
    "adapter": ReactSixteenAdapter {
      "options": Object {
        "enableComponentDidUpdateOnSetState": true,
        "lifecycles": Object {
          "componentDidUpdate": Object {
            "onSetState": true,
          },
          "getDerivedStateFromProps": true,
          "getSnapshotBeforeUpdate": true,
          "setState": Object {
            "skipsComponentDidUpdateOnNullish": true,
          },
        },
      },
    },
    "attachTo": undefined,
    "hydrateIn": undefined,
  },
}
`;
