// Jest Snapshot v1, https://goo.gl/fbAQLP

exports[`Header Component should render correctly 1`] = `
ShallowWrapper {
  Symbol(enzyme.__root__): [Circular],
  Symbol(enzyme.__unrendered__): <Header
    filterProducts={[MockFunction]}
  />,
  Symbol(enzyme.__renderer__): Object {
    "batchedUpdates": [Function],
    "getNode": [Function],
    "render": [Function],
    "simulateError": [Function],
    "simulateEvent": [Function],
    "unmount": [Function],
  },
  Symbol(enzyme.__node__): Object {
    "instance": null,
    "key": undefined,
    "nodeType": "host",
    "props": Object {
      "children": Array [
        <h2>
          Women's tops
        </h2>,
        <Styled(SelectBox)
          className="filter"
          onSelect={[Function]}
          options={
            Array [
              Object {
                "label": "Filter By Size",
                "value": "",
              },
              Object {
                "label": "XS",
                "value": "XS",
              },
              Object {
                "label": "S",
                "value": "S",
              },
              Object {
                "label": "M",
                "value": "M",
              },
              Object {
                "label": "XL",
                "value": "XL",
              },
              Object {
                "label": "L",
                "value": "L",
              },
            ]
          }
        />,
      ],
      "className": undefined,
    },
    "ref": null,
    "rendered": Array [
      Object {
        "instance": null,
        "key": undefined,
        "nodeType": "host",
        "props": Object {
          "children": "Women's tops",
        },
        "ref": null,
        "rendered": "Women's tops",
        "type": "h2",
      },
      Object {
        "instance": null,
        "key": undefined,
        "nodeType": "class",
        "props": Object {
          "className": "filter",
          "onSelect": [Function],
          "options": Array [
            Object {
              "label": "Filter By Size",
              "value": "",
            },
            Object {
              "label": "XS",
              "value": "XS",
            },
            Object {
              "label": "S",
              "value": "S",
            },
            Object {
              "label": "M",
              "value": "M",
            },
            Object {
              "label": "XL",
              "value": "XL",
            },
            Object {
              "label": "L",
              "value": "L",
            },
          ],
        },
        "ref": null,
        "rendered": null,
        "type": [Function],
      },
    ],
    "type": "div",
  },
  Symbol(enzyme.__nodes__): Array [
    Object {
      "instance": null,
      "key": undefined,
      "nodeType": "host",
      "props": Object {
        "children": Array [
          <h2>
            Women's tops
          </h2>,
          <Styled(SelectBox)
            className="filter"
            onSelect={[Function]}
            options={
              Array [
                Object {
                  "label": "Filter By Size",
                  "value": "",
                },
                Object {
                  "label": "XS",
                  "value": "XS",
                },
                Object {
                  "label": "S",
                  "value": "S",
                },
                Object {
                  "label": "M",
                  "value": "M",
                },
                Object {
                  "label": "XL",
                  "value": "XL",
                },
                Object {
                  "label": "L",
                  "value": "L",
                },
              ]
            }
          />,
        ],
        "className": undefined,
      },
      "ref": null,
      "rendered": Array [
        Object {
          "instance": null,
          "key": undefined,
          "nodeType": "host",
          "props": Object {
            "children": "Women's tops",
          },
          "ref": null,
          "rendered": "Women's tops",
          "type": "h2",
        },
        Object {
          "instance": null,
          "key": undefined,
          "nodeType": "class",
          "props": Object {
            "className": "filter",
            "onSelect": [Function],
            "options": Array [
              Object {
                "label": "Filter By Size",
                "value": "",
              },
              Object {
                "label": "XS",
                "value": "XS",
              },
              Object {
                "label": "S",
                "value": "S",
              },
              Object {
                "label": "M",
                "value": "M",
              },
              Object {
                "label": "XL",
                "value": "XL",
              },
              Object {
                "label": "L",
                "value": "L",
              },
            ],
          },
          "ref": null,
          "rendered": null,
          "type": [Function],
        },
      ],
      "type": "div",
    },
  ],
  Symbol(enzyme.__options__): Object {
    "adapter": ReactSixteenAdapter {
      "options": Object {
        "enableComponentDidUpdateOnSetState": true,
        "lifecycles": Object {
          "componentDidUpdate": Object {
            "onSetState": true,
          },
          "getDerivedStateFromProps": true,
          "getSnapshotBeforeUpdate": true,
          "setState": Object {
            "skipsComponentDidUpdateOnNullish": true,
          },
        },
      },
    },
    "attachTo": undefined,
    "hydrateIn": undefined,
  },
}
`;
