// Jest Snapshot v1, https://goo.gl/fbAQLP

exports[`ProductList Component should render correctly 1`] = `
ShallowWrapper {
  Symbol(enzyme.__root__): [Circular],
  Symbol(enzyme.__unrendered__): <Styled(ProductList)
    items={
      Array [
        Object {
          "index": 0,
          "isExclusive": false,
          "isSale": true,
          "price": "$18.88",
          "productImage": "product-1.jpg",
          "productName": "Striped shirt",
          "size": Array [
            "S",
            "L",
            "XL",
          ],
        },
        Object {
          "index": 1,
          "isExclusive": false,
          "isSale": false,
          "price": "$25.44",
          "productImage": "product-2.jpg",
          "productName": "Denim shirt",
          "size": Array [
            "XS",
            "S",
          ],
        },
      ]
    }
  />,
  Symbol(enzyme.__renderer__): Object {
    "batchedUpdates": [Function],
    "getNode": [Function],
    "render": [Function],
    "simulateError": [Function],
    "simulateEvent": [Function],
    "unmount": [Function],
  },
  Symbol(enzyme.__node__): Object {
    "instance": null,
    "key": undefined,
    "nodeType": "function",
    "props": Object {
      "className": "sc-htpNat kDFENX",
      "items": Array [
        Object {
          "index": 0,
          "isExclusive": false,
          "isSale": true,
          "price": "$18.88",
          "productImage": "product-1.jpg",
          "productName": "Striped shirt",
          "size": Array [
            "S",
            "L",
            "XL",
          ],
        },
        Object {
          "index": 1,
          "isExclusive": false,
          "isSale": false,
          "price": "$25.44",
          "productImage": "product-2.jpg",
          "productName": "Denim shirt",
          "size": Array [
            "XS",
            "S",
          ],
        },
      ],
    },
    "ref": null,
    "rendered": null,
    "type": [Function],
  },
  Symbol(enzyme.__nodes__): Array [
    Object {
      "instance": null,
      "key": undefined,
      "nodeType": "function",
      "props": Object {
        "className": "sc-htpNat kDFENX",
        "items": Array [
          Object {
            "index": 0,
            "isExclusive": false,
            "isSale": true,
            "price": "$18.88",
            "productImage": "product-1.jpg",
            "productName": "Striped shirt",
            "size": Array [
              "S",
              "L",
              "XL",
            ],
          },
          Object {
            "index": 1,
            "isExclusive": false,
            "isSale": false,
            "price": "$25.44",
            "productImage": "product-2.jpg",
            "productName": "Denim shirt",
            "size": Array [
              "XS",
              "S",
            ],
          },
        ],
      },
      "ref": null,
      "rendered": null,
      "type": [Function],
    },
  ],
  Symbol(enzyme.__options__): Object {
    "adapter": ReactSixteenAdapter {
      "options": Object {
        "enableComponentDidUpdateOnSetState": true,
        "lifecycles": Object {
          "componentDidUpdate": Object {
            "onSetState": true,
          },
          "getDerivedStateFromProps": true,
          "getSnapshotBeforeUpdate": true,
          "setState": Object {
            "skipsComponentDidUpdateOnNullish": true,
          },
        },
      },
    },
    "attachTo": undefined,
    "hydrateIn": undefined,
  },
}
`;
